::1 - - [15/Jun/2026 19:12:21] "GET /pages/fullstack.html HTTP/1.1" 200 -
::1 - - [15/Jun/2026 19:12:41] "GET /pages/nexo-vectoria.html HTTP/1.1" 200 -
::1 - - [15/Jun/2026 19:12:44] "GET /pages/nexo-vectoria.html HTTP/1.1" 200 -
::1 - - [15/Jun/2026 19:12:48] "GET /pages/nexo-vectoria.html HTTP/1.1" 200 -
::1 - - [15/Jun/2026 19:12:56] "GET /pages/nexo-vectoria.html HTTP/1.1" 200 -
::1 - - [15/Jun/2026 19:12:59] "GET /pages/nexo-vectoria.html HTTP/1.1" 200 -
::1 - - [15/Jun/2026 19:13:01] "GET /pages/nexo-vectoria.html HTTP/1.1" 200 -
::1 - - [15/Jun/2026 19:13:04] "GET /pages/nexo-vectoria.html HTTP/1.1" 200 -
::1 - - [15/Jun/2026 19:13:08] "GET /pages/nexo-vectoria.html HTTP/1.1" 200 -
::1 - - [15/Jun/2026 19:13:10] "GET /pages/nexo-vectoria.html HTTP/1.1" 200 -
::1 - - [15/Jun/2026 19:13:16] "GET /pages/fullstack.html HTTP/1.1" 200 -
::1 - - [15/Jun/2026 19:13:16] "GET /pages/nexo-vectoria.html HTTP/1.1" 200 -
::1 - - [15/Jun/2026 19:13:16] "GET /pages/fullstack.html HTTP/1.1" 200 -
::1 - - [15/Jun/2026 19:13:22] "GET /pages/nexo-vectoria.html HTTP/1.1" 200 -
::1 - - [15/Jun/2026 19:13:22] "GET /pages/nexo-vectoria.html HTTP/1.1" 200 -
::1 - - [15/Jun/2026 19:13:22] "GET /pages/nexo-vectoria.html HTTP/1.1" 200 -
::1 - - [15/Jun/2026 19:13:22] "GET /pages/fullstack.html HTTP/1.1" 200 -
::1 - - [15/Jun/2026 19:13:27] "GET /pages/fullstack.html HTTP/1.1" 200 -
::1 - - [15/Jun/2026 19:13:54] "GET /pages/fullstack.html HTTP/1.1" 200 -
::1 - - [15/Jun/2026 19:13:54] "GET /pages/nexo-vectoria.html HTTP/1.1" 200 -
::1 - - [15/Jun/2026 19:13:54] "GET /css/soulink.css HTTP/1.1" 200 -
::1 - - [15/Jun/2026 19:13:54] "GET /css/style.css HTTP/1.1" 200 -
::1 - - [15/Jun/2026 19:13:54] "GET /css/responsive.css HTTP/1.1" 200 -
::1 - - [15/Jun/2026 19:13:54] "GET /pages/nexo-vectoria.html HTTP/1.1" 200 -
::1 - - [15/Jun/2026 19:14:24] "GET /pages/nexo-vectoria.html HTTP/1.1" 200 -
::1 - - [15/Jun/2026 19:14:24] "GET /pages/nexo-vectoria.html HTTP/1.1" 200 -
::1 - - [15/Jun/2026 19:14:24] "GET /pages/soulink.html HTTP/1.1" 200 -
::1 - - [15/Jun/2026 19:14:32] "GET /pages/inkvibe.html HTTP/1.1" 200 -
::1 - - [15/Jun/2026 19:14:32] "GET /pages/soulink.html HTTP/1.1" 200 -
::1 - - [15/Jun/2026 19:14:32] "GET /pages/nexo-vectoria.html HTTP/1.1" 200 -
::1 - - [15/Jun/2026 19:14:32] "GET /pages/inkvibe.html HTTP/1.1" 200 -
::1 - - [15/Jun/2026 19:14:32] "GET /pages/soulink.html HTTP/1.1" 200 -
::1 - - [15/Jun/2026 19:14:32] "GET /pages/nexo-vectoria.html HTTP/1.1" 200 -
::1 - - [15/Jun/2026 19:14:32] "GET /pages/inkvibe.html HTTP/1.1" 200 -
::1 - - [15/Jun/2026 19:14:32] "GET /pages/soulink.html HTTP/1.1" 200 -
::1 - - [15/Jun/2026 19:14:33] "GET /pages/nexo-vectoria.html HTTP/1.1" 200 -
::1 - - [15/Jun/2026 19:14:33] "GET /pages/inkvibe.html HTTP/1.1" 200 -
::1 - - [15/Jun/2026 19:14:33] "GET /pages/soulink.html HTTP/1.1" 200 -
::1 - - [15/Jun/2026 19:14:33] "GET /pages/nexo-vectoria.html HTTP/1.1" 200 -
::1 - - [15/Jun/2026 19:14:38] "GET /pages/nexo-vectoria.html HTTP/1.1" 200 -
::1 - - [15/Jun/2026 19:14:38] "GET /pages/nexo-vectoria.html HTTP/1.1" 200 -
::1 - - [15/Jun/2026 19:14:38] "GET /pages/nexo-vectoria.html HTTP/1.1" 200 -
::1 - - [15/Jun/2026 19:14:38] "GET /pages/nexo-vectoria.html HTTP/1.1" 200 -
::1 - - [15/Jun/2026 19:17:03] "GET /index.html HTTP/1.1" 200 -
::1 - - [15/Jun/2026 19:17:06] "GET /index.html HTTP/1.1" 200 -
::1 - - [15/Jun/2026 19:17:18] "GET /index.html HTTP/1.1" 200 -
::1 - - [15/Jun/2026 19:17:23] "GET /index.html HTTP/1.1" 200 -
::1 - - [15/Jun/2026 19:17:28] "GET /index.html HTTP/1.1" 200 -
::1 - - [15/Jun/2026 19:17:28] "GET /index.html HTTP/1.1" 200 -
::1 - - [15/Jun/2026 19:17:28] "GET /index.html HTTP/1.1" 200 -
::1 - - [15/Jun/2026 19:18:28] "GET /index.html HTTP/1.1" 200 -
::1 - - [15/Jun/2026 19:18:34] "GET /css/style.css HTTP/1.1" 200 -
::1 - - [15/Jun/2026 19:20:08] "GET /css/style.css HTTP/1.1" 200 -
::1 - - [15/Jun/2026 19:20:10] "GET /css/style.css HTTP/1.1" 200 -
::1 - - [15/Jun/2026 19:20:36] "GET /css/style.css HTTP/1.1" 200 -
::1 - - [15/Jun/2026 19:22:25] "GET /css/style.css HTTP/1.1" 200 -
::1 - - [15/Jun/2026 19:24:15] "GET /css/style.css HTTP/1.1" 200 -
::1 - - [15/Jun/2026 19:24:16] "GET /css/style.css HTTP/1.1" 200 -
::1 - - [15/Jun/2026 19:24:39] "GET /css/style.css HTTP/1.1" 200 -
::1 - - [15/Jun/2026 19:24:58] "GET /css/style.css HTTP/1.1" 200 -
::1 - - [15/Jun/2026 19:25:45] "GET /css/ia-generativa.css HTTP/1.1" 200 -
